###############################################################################
#
# IAR ELF Linker V9.50.1.380/W64 for ARM                  19/Jun/2024  18:04:03
# Copyright 2007-2023 IAR Systems AB.
#
#    Output file  =
#        C:\Users\Luke\Desktop\Studium\Semester 2\Technische
#        Informatik\Projekt\EWARM\Projekt\Exe\Projekt.out
#    Map file     =
#        C:\Users\Luke\Desktop\Studium\Semester 2\Technische
#        Informatik\Projekt\EWARM\Projekt\List\Projekt.map
#    Command line =
#        -f "C:\Users\Luke\Desktop\Studium\Semester 2\Technische
#        Informatik\Projekt\EWARM\Projekt\Exe\Projekt.out.rsp"
#        ("C:\Users\Luke\Desktop\Studium\Semester 2\Technische
#        Informatik\Projekt\EWARM\Projekt\Obj\Core_13247989168731456611.dir\main.o"
#        "C:\Users\Luke\Desktop\Studium\Semester 2\Technische
#        Informatik\Projekt\EWARM\Projekt\Obj\EWARM_18443280873093131863.dir\startup_stm32g431xx.o"
#        "C:\Users\Luke\Desktop\Studium\Semester 2\Technische
#        Informatik\Projekt\EWARM\Projekt\Obj\STM32G4xx_HAL_Driver_577954748077118867.dir\stm32g4xx_hal.o"
#        "C:\Users\Luke\Desktop\Studium\Semester 2\Technische
#        Informatik\Projekt\EWARM\Projekt\Obj\STM32G4xx_HAL_Driver_577954748077118867.dir\stm32g4xx_hal_cortex.o"
#        "C:\Users\Luke\Desktop\Studium\Semester 2\Technische
#        Informatik\Projekt\EWARM\Projekt\Obj\STM32G4xx_HAL_Driver_577954748077118867.dir\stm32g4xx_hal_dma.o"
#        "C:\Users\Luke\Desktop\Studium\Semester 2\Technische
#        Informatik\Projekt\EWARM\Projekt\Obj\STM32G4xx_HAL_Driver_577954748077118867.dir\stm32g4xx_hal_dma_ex.o"
#        "C:\Users\Luke\Desktop\Studium\Semester 2\Technische
#        Informatik\Projekt\EWARM\Projekt\Obj\STM32G4xx_HAL_Driver_577954748077118867.dir\stm32g4xx_hal_exti.o"
#        "C:\Users\Luke\Desktop\Studium\Semester 2\Technische
#        Informatik\Projekt\EWARM\Projekt\Obj\STM32G4xx_HAL_Driver_577954748077118867.dir\stm32g4xx_hal_flash.o"
#        "C:\Users\Luke\Desktop\Studium\Semester 2\Technische
#        Informatik\Projekt\EWARM\Projekt\Obj\STM32G4xx_HAL_Driver_577954748077118867.dir\stm32g4xx_hal_flash_ex.o"
#        "C:\Users\Luke\Desktop\Studium\Semester 2\Technische
#        Informatik\Projekt\EWARM\Projekt\Obj\STM32G4xx_HAL_Driver_577954748077118867.dir\stm32g4xx_hal_flash_ramfunc.o"
#        "C:\Users\Luke\Desktop\Studium\Semester 2\Technische
#        Informatik\Projekt\EWARM\Projekt\Obj\STM32G4xx_HAL_Driver_577954748077118867.dir\stm32g4xx_hal_gpio.o"
#        "C:\Users\Luke\Desktop\Studium\Semester 2\Technische
#        Informatik\Projekt\EWARM\Projekt\Obj\Core_13247989168731456611.dir\stm32g4xx_hal_msp.o"
#        "C:\Users\Luke\Desktop\Studium\Semester 2\Technische
#        Informatik\Projekt\EWARM\Projekt\Obj\STM32G4xx_HAL_Driver_577954748077118867.dir\stm32g4xx_hal_pwr.o"
#        "C:\Users\Luke\Desktop\Studium\Semester 2\Technische
#        Informatik\Projekt\EWARM\Projekt\Obj\STM32G4xx_HAL_Driver_577954748077118867.dir\stm32g4xx_hal_pwr_ex.o"
#        "C:\Users\Luke\Desktop\Studium\Semester 2\Technische
#        Informatik\Projekt\EWARM\Projekt\Obj\STM32G4xx_HAL_Driver_577954748077118867.dir\stm32g4xx_hal_rcc.o"
#        "C:\Users\Luke\Desktop\Studium\Semester 2\Technische
#        Informatik\Projekt\EWARM\Projekt\Obj\STM32G4xx_HAL_Driver_577954748077118867.dir\stm32g4xx_hal_rcc_ex.o"
#        "C:\Users\Luke\Desktop\Studium\Semester 2\Technische
#        Informatik\Projekt\EWARM\Projekt\Obj\STM32G4xx_HAL_Driver_577954748077118867.dir\stm32g4xx_hal_tim.o"
#        "C:\Users\Luke\Desktop\Studium\Semester 2\Technische
#        Informatik\Projekt\EWARM\Projekt\Obj\STM32G4xx_HAL_Driver_577954748077118867.dir\stm32g4xx_hal_tim_ex.o"
#        "C:\Users\Luke\Desktop\Studium\Semester 2\Technische
#        Informatik\Projekt\EWARM\Projekt\Obj\Core_13247989168731456611.dir\stm32g4xx_it.o"
#        "C:\Users\Luke\Desktop\Studium\Semester 2\Technische
#        Informatik\Projekt\EWARM\Projekt\Obj\CMSIS_6603591812247902717.dir\system_stm32g4xx.o"
#        --no_out_extension -o "C:\Users\Luke\Desktop\Studium\Semester
#        2\Technische Informatik\Projekt\EWARM\Projekt\Exe\Projekt.out"
#        --redirect _Printf=_PrintfFullNoMb --redirect _Scanf=_ScanfFullNoMb
#        --map "C:\Users\Luke\Desktop\Studium\Semester 2\Technische
#        Informatik\Projekt\EWARM\Projekt\List\Projekt.map" --config
#        "C:\Users\Luke\Desktop\Studium\Semester 2\Technische
#        Informatik\Projekt\EWARM/stm32g431xx_flash.icf" --semihosting --entry
#        __iar_program_start --vfe --text_out locale --cpu=Cortex-M4
#        --fpu=VFPv4_sp) --dependencies=n
#        "C:\Users\Luke\Desktop\Studium\Semester 2\Technische
#        Informatik\Projekt\EWARM\Projekt\Exe\Projekt.out.iar_deps"
#
###############################################################################

*******************************************************************************
*** RUNTIME MODEL ATTRIBUTES
***

CppFlavor       = *
__CPP_Runtime   = 1
__SystemLibrary = DLib
__dlib_version  = 6


*******************************************************************************
*** HEAP SELECTION
***

The basic heap was selected because --advanced_heap
was not specified and the application did not appear to
be primarily optimized for speed.


*******************************************************************************
*** PLACEMENT SUMMARY
***

"A0":  place at address 0x800'0000 { ro section .intvec };
"P1":  place in [from 0x800'0000 to 0x801'ffff] { ro };
define block CSTACK with size = 1K, alignment = 8 { };
define block HEAP with size = 512, alignment = 8 { };
"P2":  place in [from 0x2000'0000 to 0x2000'7fff] {
          rw, block CSTACK, block HEAP };
initialize by copy { rw };

  Section            Kind         Address  Aligment   Size  Object
  -------            ----         -------  --------   ----  ------
"A0":                                                0x1d8
  .intvec            ro code   0x800'0000         4  0x1d8  startup_stm32g431xx.o [3]
                             - 0x800'01d8            0x1d8

"P1":                                                0x3d4
  .text              ro code   0x800'01d8         4  0x18c  main.o [2]
  .text              ro code   0x800'0364         4   0x2a  data_init.o [7]
  .text              ro code   0x800'038e         2   0x2a  copy_init3.o [7]
  .text              ro code   0x800'03b8         4   0x22  fpinit_M.o [6]
  .iar.init_table    const     0x800'03dc         4   0x14  - Linker created -
  .text              ro code   0x800'03f0         4   0x1e  cmain.o [7]
  .text              ro code   0x800'040e         2    0x4  low_level_init.o [5]
  .text              ro code   0x800'0412         2    0x4  exit.o [5]
  .text              ro code   0x800'0418         4    0xa  cexit.o [7]
  .text              ro code   0x800'0424         4   0x14  exit.o [8]
  .text              ro code   0x800'0438         4   0x1c  cstartup_M.o [7]
  .text              ro code   0x800'0454         2   0x14  stm32g4xx_it.o [2]
  .text              ro code   0x800'0468         4   0x10  stm32g4xx_hal.o [4]
  .text              ro code   0x800'0478         4   0x10  startup_stm32g431xx.o [3]
  .text              ro code   0x800'0488         4   0x10  system_stm32g4xx.o [1]
  Initializer bytes  const     0x800'0498         4    0xc  <for P2-1>
  .text              ro code   0x800'04a4         2    0x4  startup_stm32g431xx.o [3]
  .text              ro code   0x800'04a8         2    0x4  startup_stm32g431xx.o [3]
  .text              ro code   0x800'04ac         2    0x4  startup_stm32g431xx.o [3]
  .text              ro code   0x800'04b0         2    0x4  startup_stm32g431xx.o [3]
  .text              ro code   0x800'04b4         2    0x4  startup_stm32g431xx.o [3]
  .text              ro code   0x800'04b8         2    0x4  startup_stm32g431xx.o [3]
  .text              ro code   0x800'04bc         2    0x4  startup_stm32g431xx.o [3]
  .text              ro code   0x800'04c0         2    0x4  startup_stm32g431xx.o [3]
  .text              ro code   0x800'04c4         2    0x4  startup_stm32g431xx.o [3]
  .text              ro code   0x800'04c8         2    0x4  startup_stm32g431xx.o [3]
  .text              ro code   0x800'04cc         2    0x4  startup_stm32g431xx.o [3]
  .text              ro code   0x800'04d0         2    0x4  startup_stm32g431xx.o [3]
  .text              ro code   0x800'04d4         2    0x4  startup_stm32g431xx.o [3]
  .text              ro code   0x800'04d8         2    0x4  startup_stm32g431xx.o [3]
  .text              ro code   0x800'04dc         2    0x4  startup_stm32g431xx.o [3]
  .text              ro code   0x800'04e0         2    0x4  startup_stm32g431xx.o [3]
  .text              ro code   0x800'04e4         2    0x4  startup_stm32g431xx.o [3]
  .text              ro code   0x800'04e8         2    0x4  startup_stm32g431xx.o [3]
  .text              ro code   0x800'04ec         2    0x4  startup_stm32g431xx.o [3]
  .text              ro code   0x800'04f0         2    0x4  startup_stm32g431xx.o [3]
  .text              ro code   0x800'04f4         2    0x4  startup_stm32g431xx.o [3]
  .text              ro code   0x800'04f8         2    0x4  startup_stm32g431xx.o [3]
  .text              ro code   0x800'04fc         2    0x4  startup_stm32g431xx.o [3]
  .text              ro code   0x800'0500         2    0x4  startup_stm32g431xx.o [3]
  .text              ro code   0x800'0504         2    0x4  startup_stm32g431xx.o [3]
  .text              ro code   0x800'0508         2    0x4  startup_stm32g431xx.o [3]
  .text              ro code   0x800'050c         2    0x4  startup_stm32g431xx.o [3]
  .text              ro code   0x800'0510         2    0x4  startup_stm32g431xx.o [3]
  .text              ro code   0x800'0514         2    0x4  startup_stm32g431xx.o [3]
  .text              ro code   0x800'0518         2    0x4  startup_stm32g431xx.o [3]
  .text              ro code   0x800'051c         2    0x4  startup_stm32g431xx.o [3]
  .text              ro code   0x800'0520         2    0x4  startup_stm32g431xx.o [3]
  .text              ro code   0x800'0524         2    0x4  startup_stm32g431xx.o [3]
  .text              ro code   0x800'0528         2    0x4  startup_stm32g431xx.o [3]
  .text              ro code   0x800'052c         2    0x4  startup_stm32g431xx.o [3]
  .text              ro code   0x800'0530         2    0x4  startup_stm32g431xx.o [3]
  .text              ro code   0x800'0534         2    0x4  startup_stm32g431xx.o [3]
  .text              ro code   0x800'0538         2    0x4  startup_stm32g431xx.o [3]
  .text              ro code   0x800'053c         2    0x4  startup_stm32g431xx.o [3]
  .text              ro code   0x800'0540         2    0x4  startup_stm32g431xx.o [3]
  .text              ro code   0x800'0544         2    0x4  startup_stm32g431xx.o [3]
  .text              ro code   0x800'0548         2    0x4  startup_stm32g431xx.o [3]
  .text              ro code   0x800'054c         2    0x4  startup_stm32g431xx.o [3]
  .text              ro code   0x800'0550         2    0x4  startup_stm32g431xx.o [3]
  .text              ro code   0x800'0554         2    0x4  startup_stm32g431xx.o [3]
  .text              ro code   0x800'0558         2    0x4  startup_stm32g431xx.o [3]
  .text              ro code   0x800'055c         2    0x4  startup_stm32g431xx.o [3]
  .text              ro code   0x800'0560         2    0x4  startup_stm32g431xx.o [3]
  .text              ro code   0x800'0564         2    0x4  startup_stm32g431xx.o [3]
  .text              ro code   0x800'0568         2    0x4  startup_stm32g431xx.o [3]
  .text              ro code   0x800'056c         2    0x4  startup_stm32g431xx.o [3]
  .text              ro code   0x800'0570         2    0x4  startup_stm32g431xx.o [3]
  .text              ro code   0x800'0574         2    0x4  startup_stm32g431xx.o [3]
  .text              ro code   0x800'0578         2    0x4  startup_stm32g431xx.o [3]
  .text              ro code   0x800'057c         2    0x4  startup_stm32g431xx.o [3]
  .text              ro code   0x800'0580         2    0x4  startup_stm32g431xx.o [3]
  .text              ro code   0x800'0584         2    0x4  startup_stm32g431xx.o [3]
  .text              ro code   0x800'0588         2    0x4  startup_stm32g431xx.o [3]
  .text              ro code   0x800'058c         2    0x4  startup_stm32g431xx.o [3]
  .text              ro code   0x800'0590         2    0x4  startup_stm32g431xx.o [3]
  .text              ro code   0x800'0594         2    0x4  startup_stm32g431xx.o [3]
  .text              ro code   0x800'0598         2    0x4  startup_stm32g431xx.o [3]
  .text              ro code   0x800'059c         2    0x4  startup_stm32g431xx.o [3]
  .text              ro code   0x800'05a0         2    0x4  startup_stm32g431xx.o [3]
  .text              ro code   0x800'05a4         2    0x4  startup_stm32g431xx.o [3]
  .text              ro code   0x800'05a8         2    0x4  startup_stm32g431xx.o [3]
  .rodata            const     0x800'05ac              0x0  copy_init3.o [7]
                             - 0x800'05ac            0x3d4

"P2", part 1 of 2:                                     0xc
  P2-1                        0x2000'0000         4    0xc  <Init block>
    .data            inited   0x2000'0000         4    0xc  stm32g4xx_hal.o [4]
                            - 0x2000'000c              0xc

"P2", part 2 of 2:                                   0x400
  CSTACK                      0x2000'0010         8  0x400  <Block>
    CSTACK           uninit   0x2000'0010            0x400  <Block tail>
                            - 0x2000'0410            0x400

Unused ranges:

         From           To      Size
         ----           --      ----
   0x800'05ac   0x801'ffff  0x1'fa54
  0x2000'000c  0x2000'000f       0x4
  0x2000'0410  0x2000'7fff    0x7bf0


*******************************************************************************
*** INIT TABLE
***

          Address      Size
          -------      ----
Copy (__iar_copy_init3)
    1 source range, total size 0xc:
           0x800'0498   0xc
    1 destination range, total size 0xc:
          0x2000'0000   0xc



*******************************************************************************
*** MODULE SUMMARY
***

    Module                 ro code  ro data  rw data
    ------                 -------  -------  -------
command line/config:
    ------------------------------------------------
    Total:

C:\Users\Luke\Desktop\Studium\Semester 2\Technische Informatik\Projekt\EWARM\Projekt\Obj\CMSIS_6603591812247902717.dir: [1]
    system_stm32g4xx.o          16
    ------------------------------------------------
    Total:                      16

C:\Users\Luke\Desktop\Studium\Semester 2\Technische Informatik\Projekt\EWARM\Projekt\Obj\Core_13247989168731456611.dir: [2]
    main.o                     396
    stm32g4xx_it.o              20
    ------------------------------------------------
    Total:                     416

C:\Users\Luke\Desktop\Studium\Semester 2\Technische Informatik\Projekt\EWARM\Projekt\Obj\EWARM_18443280873093131863.dir: [3]
    startup_stm32g431xx.o      752
    ------------------------------------------------
    Total:                     752

C:\Users\Luke\Desktop\Studium\Semester 2\Technische Informatik\Projekt\EWARM\Projekt\Obj\STM32G4xx_HAL_Driver_577954748077118867.dir: [4]
    stm32g4xx_hal.o             16       12       12
    ------------------------------------------------
    Total:                      16       12       12

dl7M_tln.a: [5]
    exit.o                       4
    low_level_init.o             4
    ------------------------------------------------
    Total:                       8

m7M_tls.a: [6]
    fpinit_M.o                  34
    ------------------------------------------------
    Total:                      34

rt7M_tl.a: [7]
    cexit.o                     10
    cmain.o                     30
    copy_init3.o                42
    cstartup_M.o                28
    data_init.o                 42
    ------------------------------------------------
    Total:                     152

shb_l.a: [8]
    exit.o                      20
    ------------------------------------------------
    Total:                      20

    Gaps                         4        2
    Linker created                       20    1'024
----------------------------------------------------
    Grand Total:             1'418       34    1'036


*******************************************************************************
*** ENTRY LIST
***

Entry                       Address  Size  Type      Object
-----                       -------  ----  ----      ------
.iar.init_table$$Base    0x800'03dc         --   Gb  - Linker created -
.iar.init_table$$Limit   0x800'03f0         --   Gb  - Linker created -
?main                    0x800'03f1        Code  ??  cmain.o [7]
ADC1_2_IRQHandler        0x800'04e1        Code  Wk  startup_stm32g431xx.o [3]
BusFault_Handler         0x800'045b   0x2  Code  ??  stm32g4xx_it.o [2]
COMP1_2_3_IRQHandler     0x800'0579        Code  Wk  startup_stm32g431xx.o [3]
COMP4_IRQHandler         0x800'057d        Code  Wk  startup_stm32g431xx.o [3]
CORDIC_IRQHandler        0x800'05a5        Code  Wk  startup_stm32g431xx.o [3]
CRS_IRQHandler           0x800'0581        Code  Wk  startup_stm32g431xx.o [3]
CSTACK$$Base            0x2000'0010         --   Gb  - Linker created -
CSTACK$$Limit           0x2000'0410         --   ??  - Linker created -
DMA1_Channel1_IRQHandler
                         0x800'04c9        Code  Wk  startup_stm32g431xx.o [3]
DMA1_Channel2_IRQHandler
                         0x800'04cd        Code  Wk  startup_stm32g431xx.o [3]
DMA1_Channel3_IRQHandler
                         0x800'04d1        Code  Wk  startup_stm32g431xx.o [3]
DMA1_Channel4_IRQHandler
                         0x800'04d5        Code  Wk  startup_stm32g431xx.o [3]
DMA1_Channel5_IRQHandler
                         0x800'04d9        Code  Wk  startup_stm32g431xx.o [3]
DMA1_Channel6_IRQHandler
                         0x800'04dd        Code  Wk  startup_stm32g431xx.o [3]
DMA2_Channel1_IRQHandler
                         0x800'0561        Code  Wk  startup_stm32g431xx.o [3]
DMA2_Channel2_IRQHandler
                         0x800'0565        Code  Wk  startup_stm32g431xx.o [3]
DMA2_Channel3_IRQHandler
                         0x800'0569        Code  Wk  startup_stm32g431xx.o [3]
DMA2_Channel4_IRQHandler
                         0x800'056d        Code  Wk  startup_stm32g431xx.o [3]
DMA2_Channel5_IRQHandler
                         0x800'0571        Code  Wk  startup_stm32g431xx.o [3]
DMA2_Channel6_IRQHandler
                         0x800'05a1        Code  Wk  startup_stm32g431xx.o [3]
DMAMUX_OVR_IRQHandler    0x800'059d        Code  Wk  startup_stm32g431xx.o [3]
DebugMon_Handler         0x800'0461   0x2  Code  ??  stm32g4xx_it.o [2]
EXTI0_IRQHandler         0x800'0211   0xa  Code  ??  main.o [2]
EXTI15_10_IRQHandler     0x800'0531        Code  Wk  startup_stm32g431xx.o [3]
EXTI1_IRQHandler         0x800'04bd        Code  Wk  startup_stm32g431xx.o [3]
EXTI2_IRQHandler         0x800'04c1        Code  Wk  startup_stm32g431xx.o [3]
EXTI3_IRQHandler         0x800'021b   0xa  Code  ??  main.o [2]
EXTI4_IRQHandler         0x800'04c5        Code  Wk  startup_stm32g431xx.o [3]
EXTI9_5_IRQHandler       0x800'04f5        Code  Wk  startup_stm32g431xx.o [3]
FDCAN1_IT0_IRQHandler    0x800'04ed        Code  Wk  startup_stm32g431xx.o [3]
FDCAN1_IT1_IRQHandler    0x800'04f1        Code  Wk  startup_stm32g431xx.o [3]
FLASH_IRQHandler         0x800'04b5        Code  Wk  startup_stm32g431xx.o [3]
FMAC_IRQHandler          0x800'05a9        Code  Wk  startup_stm32g431xx.o [3]
FPU_IRQHandler           0x800'0589        Code  Wk  startup_stm32g431xx.o [3]
HAL_IncTick              0x800'0469  0x10  Code  Wk  stm32g4xx_hal.o [4]
HardFault_Handler        0x800'0457   0x2  Code  ??  stm32g4xx_it.o [2]
I2C1_ER_IRQHandler       0x800'0511        Code  Wk  startup_stm32g431xx.o [3]
I2C1_EV_IRQHandler       0x800'050d        Code  Wk  startup_stm32g431xx.o [3]
I2C2_ER_IRQHandler       0x800'0519        Code  Wk  startup_stm32g431xx.o [3]
I2C2_EV_IRQHandler       0x800'0515        Code  Wk  startup_stm32g431xx.o [3]
I2C3_ER_IRQHandler       0x800'0599        Code  Wk  startup_stm32g431xx.o [3]
I2C3_EV_IRQHandler       0x800'0595        Code  Wk  startup_stm32g431xx.o [3]
LPTIM1_IRQHandler        0x800'054d        Code  Wk  startup_stm32g431xx.o [3]
LPUART1_IRQHandler       0x800'0591        Code  Wk  startup_stm32g431xx.o [3]
MemManage_Handler        0x800'0459   0x2  Code  ??  stm32g4xx_it.o [2]
NMI_Handler              0x800'0455   0x2  Code  ??  stm32g4xx_it.o [2]
PVD_PVM_IRQHandler       0x800'04a9        Code  Wk  startup_stm32g431xx.o [3]
PendSV_Handler           0x800'0463   0x2  Code  ??  stm32g4xx_it.o [2]
RCC_IRQHandler           0x800'04b9        Code  Wk  startup_stm32g431xx.o [3]
RNG_IRQHandler           0x800'058d        Code  Wk  startup_stm32g431xx.o [3]
RTC_Alarm_IRQHandler     0x800'0535        Code  Wk  startup_stm32g431xx.o [3]
RTC_TAMP_LSECSS_IRQHandler
                         0x800'04ad        Code  Wk  startup_stm32g431xx.o [3]
RTC_WKUP_IRQHandler      0x800'04b1        Code  Wk  startup_stm32g431xx.o [3]
Region$$Table$$Base      0x800'03dc         --   ??  - Linker created -
Region$$Table$$Limit     0x800'03f0         --   ??  - Linker created -
Reset_Handler            0x800'0479        Code  Wk  startup_stm32g431xx.o [3]
SAI1_IRQHandler          0x800'0585        Code  Wk  startup_stm32g431xx.o [3]
SPI1_IRQHandler          0x800'051d        Code  Wk  startup_stm32g431xx.o [3]
SPI2_IRQHandler          0x800'0521        Code  Wk  startup_stm32g431xx.o [3]
SPI3_IRQHandler          0x800'0551        Code  Wk  startup_stm32g431xx.o [3]
SVC_Handler              0x800'045f   0x2  Code  ??  stm32g4xx_it.o [2]
SysTick_Handler          0x800'0465   0x4  Code  ??  stm32g4xx_it.o [2]
SystemInit               0x800'0489   0xc  Code  ??  system_stm32g4xx.o [1]
TIM1_BRK_TIM15_IRQHandler
                         0x800'04f9        Code  Wk  startup_stm32g431xx.o [3]
TIM1_CC_IRQHandler       0x800'0505        Code  Wk  startup_stm32g431xx.o [3]
TIM1_TRG_COM_TIM17_IRQHandler
                         0x800'0501        Code  Wk  startup_stm32g431xx.o [3]
TIM1_UP_TIM16_IRQHandler
                         0x800'04fd        Code  Wk  startup_stm32g431xx.o [3]
TIM2_IRQHandler          0x800'0509        Code  Wk  startup_stm32g431xx.o [3]
TIM3_IRQHandler          0x800'01f7   0x4  Code  ??  main.o [2]
TIM4_IRQHandler          0x800'01fb   0x2  Code  ??  main.o [2]
TIM6_DAC_IRQHandler      0x800'0559        Code  Wk  startup_stm32g431xx.o [3]
TIM7_IRQHandler          0x800'055d        Code  Wk  startup_stm32g431xx.o [3]
TIM8_BRK_IRQHandler      0x800'053d        Code  Wk  startup_stm32g431xx.o [3]
TIM8_CC_IRQHandler       0x800'0549        Code  Wk  startup_stm32g431xx.o [3]
TIM8_TRG_COM_IRQHandler
                         0x800'0545        Code  Wk  startup_stm32g431xx.o [3]
TIM8_UP_IRQHandler       0x800'0541        Code  Wk  startup_stm32g431xx.o [3]
UART4_IRQHandler         0x800'0555        Code  Wk  startup_stm32g431xx.o [3]
UCPD1_IRQHandler         0x800'0575        Code  Wk  startup_stm32g431xx.o [3]
USART1_IRQHandler        0x800'0525        Code  Wk  startup_stm32g431xx.o [3]
USART2_IRQHandler        0x800'0529        Code  Wk  startup_stm32g431xx.o [3]
USART3_IRQHandler        0x800'052d        Code  Wk  startup_stm32g431xx.o [3]
USBWakeUp_IRQHandler     0x800'0539        Code  Wk  startup_stm32g431xx.o [3]
USB_HP_IRQHandler        0x800'04e5        Code  Wk  startup_stm32g431xx.o [3]
USB_LP_IRQHandler        0x800'04e9        Code  Wk  startup_stm32g431xx.o [3]
UsageFault_Handler       0x800'045d   0x2  Code  ??  stm32g4xx_it.o [2]
WWDG_IRQHandler          0x800'04a5        Code  Wk  startup_stm32g431xx.o [3]
__NVIC_EnableIRQ         0x800'01d9  0x16  Code  Lc  main.o [2]
__cmain                  0x800'03f1        Code  ??  cmain.o [7]
__exit                   0x800'0425  0x14  Code  ??  exit.o [8]
__iar_copy_init3         0x800'038f  0x2a  Code  ??  copy_init3.o [7]
__iar_data_init3         0x800'0365  0x18  Code  ??  data_init.o [7]
__iar_init_vfp           0x800'03b9        Code  ??  fpinit_M.o [6]
__iar_program_start      0x800'0439        Code  ??  cstartup_M.o [7]
__low_level_init         0x800'040f   0x4  Code  ??  low_level_init.o [5]
__vector_table           0x800'0000        Data  ??  startup_stm32g431xx.o [3]
_call_main               0x800'03fd        Code  ??  cmain.o [7]
_exit                    0x800'0419        Code  ??  cexit.o [7]
exit                     0x800'0413   0x4  Code  ??  exit.o [5]
initialize               0x800'0225  0x86  Code  ??  main.o [2]
initializeTimer15        0x800'0303  0x24  Code  ??  main.o [2]
initializeTimer3         0x800'02ad  0x2a  Code  ??  main.o [2]
initializeTimer4         0x800'02d9  0x2a  Code  ??  main.o [2]
main                     0x800'01ef   0x8  Code  ??  main.o [2]
uwTick                  0x2000'0000   0x4  Data  ??  stm32g4xx_hal.o [4]
uwTickFreq              0x2000'0008   0x4  Data  ??  stm32g4xx_hal.o [4]
uwTickPrio              0x2000'0004   0x4  Data  ??  stm32g4xx_hal.o [4]


[1] = C:\Users\Luke\Desktop\Studium\Semester 2\Technische Informatik\Projekt\EWARM\Projekt\Obj\CMSIS_6603591812247902717.dir
[2] = C:\Users\Luke\Desktop\Studium\Semester 2\Technische Informatik\Projekt\EWARM\Projekt\Obj\Core_13247989168731456611.dir
[3] = C:\Users\Luke\Desktop\Studium\Semester 2\Technische Informatik\Projekt\EWARM\Projekt\Obj\EWARM_18443280873093131863.dir
[4] = C:\Users\Luke\Desktop\Studium\Semester 2\Technische Informatik\Projekt\EWARM\Projekt\Obj\STM32G4xx_HAL_Driver_577954748077118867.dir
[5] = dl7M_tln.a
[6] = m7M_tls.a
[7] = rt7M_tl.a
[8] = shb_l.a

  1'418 bytes of readonly  code memory
     34 bytes of readonly  data memory
  1'036 bytes of readwrite data memory

Errors: none
Warnings: none
